time="2026-09-15T14:51:10-03:00" level=warning msg="E:\\wamp64\\www\\githubrflvfx\\skills-postgresql\\docker-compose.yml: the attribute `version` is obsolete, it will be ignored, please remove it to avoid potential confusion"
 postgres Pulling 
 8f6bdf8e7ebe Pulling fs layer 
 b86905d46631 Pulling fs layer 
 2659259e5615 Pulling fs layer 
 8d2f3610bf84 Pulling fs layer 
 d523576e6b46 Pulling fs layer 
 04913c3958ed Pulling fs layer 
 6310eb16bf42 Pulling fs layer 
 d522ad15b8c1 Pulling fs layer 
 876153b11224 Pulling fs layer 
 639367129460 Pulling fs layer 
 248bdcd6e955 Pulling fs layer 
 d6430d172c75 Pulling fs layer 
 a849d36c92a3 Pulling fs layer 
 22bf49630d7e Pulling fs layer 
 b86905d46631 Download complete 
 8f6bdf8e7ebe Download complete 
 d522ad15b8c1 Download complete 
 876153b11224 Download complete 
 d6430d172c75 Download complete 
 639367129460 Download complete 
 a849d36c92a3 Download complete 
 2659259e5615 Download complete 
 04913c3958ed Downloading [>                                                  ]  2.097MB/111.1MB
 04913c3958ed Downloading [=>                                                 ]  4.194MB/111.1MB
 6310eb16bf42 Downloading [=>                                                 ]  1.049MB/29.79MB
 d523576e6b46 Download complete 
 8d2f3610bf84 Download complete 
 04913c3958ed Downloading [==>                                                ]  6.291MB/111.1MB
 6310eb16bf42 Downloading [=>                                                 ]  1.049MB/29.79MB
 248bdcd6e955 Downloading [========>                                          ]  1.049MB/6.443MB
 22bf49630d7e Downloading [======>                                            ]  1.049MB/8.204MB
 6310eb16bf42 Downloading [=====>                                             ]  3.146MB/29.79MB
 248bdcd6e955 Downloading [========>                                          ]  1.049MB/6.443MB
 22bf49630d7e Downloading [============>                                      ]  2.097MB/8.204MB
 04913c3958ed Downloading [===>                                               ]  8.389MB/111.1MB
 04913c3958ed Downloading [====>                                              ]  9.437MB/111.1MB
 6310eb16bf42 Downloading [=====>                                             ]  3.146MB/29.79MB
 248bdcd6e955 Downloading [================>                                  ]  2.097MB/6.443MB
 22bf49630d7e Downloading [===================>                               ]  3.146MB/8.204MB
 04913c3958ed Downloading [=====>                                             ]  11.53MB/111.1MB
 6310eb16bf42 Downloading [=======>                                           ]  4.194MB/29.79MB
 248bdcd6e955 Downloading [================>                                  ]  2.097MB/6.443MB
 22bf49630d7e Downloading [=========================>                         ]  4.194MB/8.204MB
 04913c3958ed Downloading [======>                                            ]  13.63MB/111.1MB
 6310eb16bf42 Downloading [========>                                          ]  5.243MB/29.79MB
 248bdcd6e955 Downloading [================================>                  ]  4.194MB/6.443MB
 22bf49630d7e Downloading [=========================>                         ]  4.194MB/8.204MB
 248bdcd6e955 Downloading [========================================>          ]  5.243MB/6.443MB
 22bf49630d7e Downloading [===============================>                   ]  5.243MB/8.204MB
 04913c3958ed Downloading [======>                                            ]  14.68MB/111.1MB
 6310eb16bf42 Downloading [==========>                                        ]  6.291MB/29.79MB
 04913c3958ed Downloading [=======>                                           ]  16.78MB/111.1MB
 6310eb16bf42 Downloading [==========>                                        ]  6.291MB/29.79MB
 248bdcd6e955 Download complete 
 22bf49630d7e Downloading [============================================>      ]   7.34MB/8.204MB
 04913c3958ed Downloading [========>                                          ]  18.87MB/111.1MB
 6310eb16bf42 Downloading [==============>                                    ]  8.389MB/29.79MB
 22bf49630d7e Download complete 
 6310eb16bf42 Downloading [=================>                                 ]  10.49MB/29.79MB
 04913c3958ed Downloading [=========>                                         ]  20.97MB/111.1MB
 04913c3958ed Downloading [==========>                                        ]   23.5MB/111.1MB
 6310eb16bf42 Downloading [=====================>                             ]  12.58MB/29.79MB
 04913c3958ed Downloading [===========>                                       ]  26.21MB/111.1MB
 6310eb16bf42 Downloading [==========================>                        ]  15.73MB/29.79MB
 04913c3958ed Downloading [============>                                      ]  28.31MB/111.1MB
 6310eb16bf42 Downloading [=============================>                     ]  17.83MB/29.79MB
 04913c3958ed Downloading [=============>                                     ]  30.41MB/111.1MB
 6310eb16bf42 Downloading [===================================>               ]  20.97MB/29.79MB
 04913c3958ed Downloading [==============>                                    ]  32.51MB/111.1MB
 6310eb16bf42 Downloading [======================================>            ]  23.07MB/29.79MB
 04913c3958ed Downloading [================>                                  ]  35.65MB/111.1MB
 6310eb16bf42 Downloading [==========================================>        ]  25.17MB/29.79MB
 04913c3958ed Downloading [================>                                  ]  37.75MB/111.1MB
 6310eb16bf42 Downloading [===============================================>   ]  28.31MB/29.79MB
 04913c3958ed Downloading [==================>                                ]  40.89MB/111.1MB
 6310eb16bf42 Download complete 
 6310eb16bf42 Extracting 1 s
 04913c3958ed Downloading [===================>                               ]  44.04MB/111.1MB
 6310eb16bf42 Extracting 1 s
 04913c3958ed Downloading [====================>                              ]  46.14MB/111.1MB
 6310eb16bf42 Extracting 1 s
 04913c3958ed Downloading [======================>                            ]  49.28MB/111.1MB
 6310eb16bf42 Extracting 1 s
 04913c3958ed Downloading [=======================>                           ]  52.43MB/111.1MB
 6310eb16bf42 Extracting 1 s
 04913c3958ed Downloading [========================>                          ]  54.53MB/111.1MB
 6310eb16bf42 Extracting 1 s
 04913c3958ed Downloading [=========================>                         ]  57.67MB/111.1MB
 6310eb16bf42 Extracting 1 s
 04913c3958ed Downloading [==========================>                        ]  59.77MB/111.1MB
 6310eb16bf42 Extracting 1 s
 04913c3958ed Downloading [============================>                      ]  62.91MB/111.1MB
 04913c3958ed Downloading [=============================>                     ]  65.01MB/111.1MB
 639367129460 Pull complete 
 248bdcd6e955 Extracting 1 s
 6310eb16bf42 Pull complete 
 04913c3958ed Downloading [==============================>                    ]  68.16MB/111.1MB
 248bdcd6e955 Pull complete 
 04913c3958ed Downloading [================================>                  ]   71.3MB/111.1MB
 8d2f3610bf84 Pull complete 
 22bf49630d7e Extracting 1 s
 04913c3958ed Downloading [=================================>                 ]  74.45MB/111.1MB
 22bf49630d7e Extracting 1 s
 04913c3958ed Downloading [===================================>               ]  78.64MB/111.1MB
 d523576e6b46 Extracting 1 s
 22bf49630d7e Pull complete 
 04913c3958ed Downloading [====================================>              ]  81.79MB/111.1MB
 d522ad15b8c1 Pull complete 
 876153b11224 Pull complete 
 d523576e6b46 Pull complete 
 04913c3958ed Downloading [=====================================>             ]  82.84MB/111.1MB
 04913c3958ed Downloading [======================================>            ]  85.98MB/111.1MB
 04913c3958ed Downloading [=======================================>           ]  88.08MB/111.1MB
 04913c3958ed Downloading [=========================================>         ]  92.27MB/111.1MB
 04913c3958ed Downloading [==========================================>        ]  94.37MB/111.1MB
 04913c3958ed Downloading [===========================================>       ]  96.47MB/111.1MB
 04913c3958ed Downloading [============================================>      ]  99.61MB/111.1MB
 04913c3958ed Downloading [=============================================>     ]  101.7MB/111.1MB
 04913c3958ed Downloading [===============================================>   ]  104.9MB/111.1MB
 04913c3958ed Downloading [================================================>  ]    107MB/111.1MB
 04913c3958ed Downloading [=================================================> ]  110.1MB/111.1MB
 04913c3958ed Download complete 
 04913c3958ed Extracting 1 s
 04913c3958ed Extracting 1 s
 04913c3958ed Extracting 1 s
 04913c3958ed Extracting 1 s
 04913c3958ed Extracting 1 s
 04913c3958ed Extracting 1 s
 04913c3958ed Extracting 1 s
 04913c3958ed Extracting 1 s
 04913c3958ed Extracting 1 s
 04913c3958ed Extracting 1 s
 04913c3958ed Extracting 2 s
 04913c3958ed Extracting 2 s
 04913c3958ed Extracting 2 s
 04913c3958ed Extracting 2 s
 04913c3958ed Extracting 2 s
 04913c3958ed Extracting 2 s
 04913c3958ed Extracting 2 s
 04913c3958ed Extracting 2 s
 04913c3958ed Extracting 2 s
 04913c3958ed Extracting 2 s
 04913c3958ed Extracting 2 s
 b86905d46631 Pull complete 
 d6430d172c75 Pull complete 
 a849d36c92a3 Pull complete 
 2659259e5615 Pull complete 
 04913c3958ed Pull complete 
 8f6bdf8e7ebe Pull complete 
 postgres Pulled 
 Network skills-postgresql_default  Creating
 Network skills-postgresql_default  Created
 Container skills-postgresql-postgres-1  Creating
 Container skills-postgresql-postgres-1  Created
 Container skills-postgresql-postgres-1  Starting
 Container skills-postgresql-postgres-1  Started
